mode: set
recognition-server/handlers.go:26.67,27.33 1 1
recognition-server/handlers.go:27.33,30.3 2 1
recognition-server/handlers.go:32.2,33.81 2 1
recognition-server/handlers.go:33.81,37.3 3 1
recognition-server/handlers.go:39.2,39.63 1 1
recognition-server/handlers.go:39.63,43.3 3 1
recognition-server/handlers.go:45.2,46.16 2 1
recognition-server/handlers.go:46.16,50.3 3 1
recognition-server/handlers.go:51.2,54.39 3 1
recognition-server/handlers.go:54.39,58.3 3 1
recognition-server/handlers.go:60.2,60.55 1 1
recognition-server/handlers.go:60.55,64.3 3 1
recognition-server/handlers.go:74.2,75.16 2 1
recognition-server/handlers.go:75.16,80.3 4 1
recognition-server/handlers.go:81.2,81.30 1 1
recognition-server/handlers.go:81.30,85.3 3 1
recognition-server/handlers.go:90.2,91.16 2 1
recognition-server/handlers.go:91.16,96.3 4 1
recognition-server/handlers.go:98.2,98.23 1 1
recognition-server/handlers.go:98.23,102.3 3 1
recognition-server/handlers.go:104.2,115.26 7 1
recognition-server/handlers.go:118.33,121.16 3 1
recognition-server/handlers.go:121.16,123.3 1 1
recognition-server/handlers.go:124.2,124.34 1 1
recognition-server/handlers.go:127.62,129.2 1 1
recognition-server/inference.go:52.36,58.16 2 1
recognition-server/inference.go:58.16,60.3 1 1
recognition-server/inference.go:62.2,66.16 2 1
recognition-server/inference.go:66.16,68.3 1 1
recognition-server/inference.go:70.2,71.16 2 1
recognition-server/inference.go:71.16,73.3 1 0
recognition-server/inference.go:75.2,76.16 2 1
recognition-server/inference.go:76.16,78.3 1 1
recognition-server/inference.go:79.2,79.45 1 1
recognition-server/inference.go:79.45,81.3 1 1
recognition-server/inference.go:83.2,89.16 2 1
recognition-server/inference.go:89.16,91.3 1 1
recognition-server/inference.go:95.2,96.16 2 1
recognition-server/inference.go:96.16,98.3 1 1
recognition-server/inference.go:99.2,105.16 2 1
recognition-server/inference.go:105.16,107.3 1 0
recognition-server/inference.go:109.2,112.16 3 1
recognition-server/inference.go:112.16,114.3 1 1
recognition-server/inference.go:115.2,117.12 2 1
recognition-server/inference.go:120.36,121.20 1 1
recognition-server/inference.go:121.20,123.3 1 1
recognition-server/inference.go:125.2,126.37 2 1
recognition-server/inference.go:126.37,127.39 1 1
recognition-server/inference.go:127.39,129.9 2 1
recognition-server/inference.go:132.2,132.20 1 1
recognition-server/inference.go:132.20,134.3 1 1
recognition-server/inference.go:136.2,136.51 1 1
recognition-server/inference.go:136.51,138.3 1 1
recognition-server/inference.go:139.2,140.12 2 1
recognition-server/inference.go:143.28,147.24 3 1
recognition-server/inference.go:147.24,150.3 2 1
recognition-server/inference.go:151.2,151.30 1 1
recognition-server/inference.go:151.30,154.3 2 1
recognition-server/inference.go:155.2,155.20 1 1
recognition-server/inference.go:155.20,158.3 2 1
recognition-server/inference.go:161.61,162.31 1 1
recognition-server/inference.go:162.31,163.39 1 1
recognition-server/inference.go:163.39,165.4 1 1
recognition-server/inference.go:167.2,167.77 1 1
recognition-server/inference.go:170.41,172.16 2 1
recognition-server/inference.go:172.16,174.3 1 1
recognition-server/inference.go:175.2,177.26 3 1
recognition-server/inference.go:177.26,179.14 2 1
recognition-server/inference.go:179.14,181.4 1 1
recognition-server/inference.go:183.2,183.19 1 1
recognition-server/inference.go:183.19,185.3 1 1
recognition-server/inference.go:186.2,186.17 1 1
recognition-server/inference.go:189.90,191.16 2 1
recognition-server/inference.go:191.16,193.3 1 1
recognition-server/inference.go:194.2,195.42 2 1
recognition-server/inference.go:195.42,197.3 1 1
recognition-server/inference.go:199.2,202.17 3 1
recognition-server/inference.go:202.17,204.17 2 1
recognition-server/inference.go:204.17,206.4 1 1
recognition-server/inference.go:207.3,207.18 1 1
recognition-server/inference.go:207.18,209.4 1 1
recognition-server/inference.go:210.8,213.3 2 1
recognition-server/inference.go:215.2,217.16 3 1
recognition-server/inference.go:217.16,219.3 1 0
recognition-server/inference.go:221.2,221.33 1 1
recognition-server/inference.go:224.101,232.43 5 1
recognition-server/inference.go:232.43,234.3 1 1
recognition-server/inference.go:236.2,247.28 9 1
recognition-server/inference.go:247.28,248.29 1 1
recognition-server/inference.go:248.29,258.4 7 1
recognition-server/inference.go:261.2,262.16 2 1
recognition-server/inference.go:262.16,264.3 1 0
recognition-server/inference.go:265.2,273.16 6 1
recognition-server/inference.go:273.16,275.3 1 0
recognition-server/inference.go:276.2,276.23 1 1
recognition-server/inference.go:276.23,278.3 1 0
recognition-server/inference.go:279.2,282.9 3 1
recognition-server/inference.go:282.9,284.3 1 0
recognition-server/inference.go:285.2,292.39 3 1
recognition-server/inference.go:292.39,294.3 1 0
recognition-server/inference.go:296.2,306.32 5 1
recognition-server/inference.go:306.32,309.27 3 1
recognition-server/inference.go:309.27,311.24 2 1
recognition-server/inference.go:311.24,314.5 2 1
recognition-server/inference.go:317.3,317.31 1 1
recognition-server/inference.go:317.31,325.21 6 1
recognition-server/inference.go:325.21,327.5 1 1
recognition-server/inference.go:327.10,327.62 1 0
recognition-server/inference.go:327.62,329.5 1 0
recognition-server/inference.go:333.2,333.43 1 1
recognition-server/inference.go:333.43,335.3 1 1
recognition-server/inference.go:337.2,340.19 3 1
recognition-server/inference.go:340.19,342.26 2 1
recognition-server/inference.go:342.26,344.23 2 1
recognition-server/inference.go:344.23,348.5 3 1
recognition-server/inference.go:350.8,350.31 1 0
recognition-server/inference.go:350.31,352.31 2 0
recognition-server/inference.go:352.31,354.23 2 0
recognition-server/inference.go:354.23,358.5 3 0
recognition-server/inference.go:362.2,362.12 1 1
recognition-server/inference.go:362.12,364.3 1 0
recognition-server/inference.go:367.2,377.12 9 1
recognition-server/inference.go:377.12,379.3 1 0
recognition-server/inference.go:380.2,380.12 1 1
recognition-server/inference.go:380.12,382.3 1 0
recognition-server/inference.go:383.2,383.15 1 1
recognition-server/inference.go:383.15,385.3 1 0
recognition-server/inference.go:386.2,386.15 1 1
recognition-server/inference.go:386.15,388.3 1 0
recognition-server/inference.go:390.2,391.33 2 1
recognition-server/inference.go:394.77,396.16 2 1
recognition-server/inference.go:396.16,398.3 1 1
recognition-server/inference.go:399.2,399.54 1 1
recognition-server/inference.go:399.54,401.3 1 1
recognition-server/inference.go:403.2,406.40 4 1
recognition-server/inference.go:406.40,407.41 1 1
recognition-server/inference.go:407.41,415.4 7 1
recognition-server/inference.go:418.2,419.16 2 1
recognition-server/inference.go:419.16,421.3 1 0
recognition-server/inference.go:422.2,429.16 6 1
recognition-server/inference.go:429.16,431.3 1 0
recognition-server/inference.go:432.2,432.23 1 1
recognition-server/inference.go:432.23,434.3 1 0
recognition-server/inference.go:435.2,438.9 3 1
recognition-server/inference.go:438.9,440.3 1 0
recognition-server/inference.go:441.2,442.20 2 1
recognition-server/inference.go:442.20,444.3 1 0
recognition-server/inference.go:446.2,448.33 3 1
recognition-server/inference.go:448.33,449.24 1 1
recognition-server/inference.go:449.24,452.4 2 1
recognition-server/inference.go:455.2,455.32 1 1
recognition-server/inference.go:455.32,457.3 1 0
recognition-server/inference.go:459.2,459.50 1 1
recognition-server/inference.go:462.67,465.15 3 1
recognition-server/inference.go:465.15,467.3 1 1
recognition-server/inference.go:469.2,471.12 3 1
recognition-server/inference.go:474.67,475.31 1 1
recognition-server/inference.go:475.31,477.3 1 1
recognition-server/inference.go:479.2,481.24 3 1
recognition-server/inference.go:481.24,483.3 1 1
recognition-server/inference.go:485.2,486.30 2 1
recognition-server/inference.go:486.30,488.30 2 1
recognition-server/inference.go:488.30,491.4 2 1
recognition-server/inference.go:493.2,493.12 1 1
recognition-server/inference.go:496.50,498.74 2 1
recognition-server/inference.go:498.74,500.3 1 1
recognition-server/inference.go:501.2,501.25 1 1
recognition-server/main.go:11.13,12.48 1 1
recognition-server/main.go:12.48,14.3 1 0
recognition-server/main.go:15.2,22.43 6 1
recognition-server/main.go:25.57,26.32 1 1
recognition-server/main.go:26.32,31.3 4 1
recognition-server/main.go:33.2,33.21 1 1
